// Jest Snapshot v1, https://goo.gl/fbAQLP

exports[`NotFound renders correctly 1`] = `
<Redirect
  push={false}
  to={
    Object {
      "pathname": "/profile",
      "state": Object {
        "alert": Object {
          "message": "We couldn't find the page you were looking for.",
          "status": "Oops!",
          "type": "info",
        },
        "from": undefined,
      },
    }
  }
/>
`;
