// Jest Snapshot v1, https://goo.gl/fbAQLP

exports[`Route renders correctly 1`] = `<Apollo(Authentication) />`;
