// Jest Snapshot v1, https://goo.gl/fbAQLP

exports[`ForgotPassword renders correctly 1`] = `
<Landing>
  <img
    alt="QHacks"
    className="css-zl7mak"
    src="../../assets/img/qhacks-wordmark-colored.svg"
  />
  <h3
    className="css-xqvf5y"
  >
    Forgot Password
  </h3>
  <p
    className="css-o4thmd blurb"
  >
    Please provide the email associated with your account to reset your password.
  </p>
  <div
    className="css-h8m1q6"
  >
    <input
      id="email"
      onChange={[Function]}
      placeholder="Enter your email address"
      type="text"
      value=""
    />
  </div>
  <div
    className="css-1tyn5zp"
  >
    <Link
      className="landingLink"
      replace={false}
      to="/login"
    >
      Know your password? Login here!
    </Link>
  </div>
  <div>
    <ActionButton
      color="blue"
      onClick={[Function]}
    >
      Send reset link
    </ActionButton>
  </div>
  <div
    className="css-17170mj"
  />
</Landing>
`;
