// Jest Snapshot v1, https://goo.gl/fbAQLP

exports[`UpdatePassword renders correctly 1`] = `
<Landing>
  <img
    alt="QHacks"
    className="css-zl7mak"
    src="../../assets/img/qhacks-wordmark-colored.svg"
  />
  <h3
    className="css-xqvf5y"
  >
    Reset Password
  </h3>
  <p
    className="css-o4thmd blurb"
  >
    Please enter your new password.
  </p>
  <div
    className="css-h8m1q6"
  >
    <input
      id="password"
      key="password"
      onChange={[Function]}
      placeholder="Enter your password"
      type="password"
      value={null}
    />
    <br />
    <ValidationError
      message=""
    />
    <br />
    <input
      id="confirmPassword"
      key="confirmPassword"
      onChange={[Function]}
      placeholder="Confirm your password"
      type="password"
      value={null}
    />
    <br />
    <ValidationError
      message=""
    />
  </div>
  <div
    className="css-1tyn5zp"
  >
    <Link
      className="landingLink"
      replace={false}
      to="/login"
    >
      Know you password? Login here!
    </Link>
  </div>
  <div>
    <ActionButton
      color="blue"
      onClick={[Function]}
    >
      Reset password
    </ActionButton>
  </div>
  <div
    className="css-17170mj"
  />
</Landing>
`;
