// Jest Snapshot v1, https://goo.gl/fbAQLP

exports[`ActionButton renders correctly 1`] = `
<button
  className="css-12revnz actionButton"
  type="button"
>
  <div
    className="css-au3n4k"
  />
</button>
`;
