// Jest Snapshot v1, https://goo.gl/fbAQLP

exports[`ApplicationsClosed renders correctly 1`] = `
<div>
  <p
    className="fontSize-large textAlign-center"
  >
    We've closed applications for 2018, but we hope to see you next winter!
     
  </p>
  <p
    className="fontSize-medium textAlign-center"
  >
    <a
      href="https://qhacks.io"
    >
      Back to qhacks.io
    </a>
  </p>
</div>
`;
