// Jest Snapshot v1, https://goo.gl/fbAQLP

exports[`Apply renders correctly 1`] = `
<Query
  displayName="Apollo(Apollo(Apply))"
  query={
    Object {
      "definitions": Array [
        Object {
          "directives": Array [],
          "kind": "OperationDefinition",
          "name": undefined,
          "operation": "query",
          "selectionSet": Object {
            "kind": "SelectionSet",
            "selections": Array [
              Object {
                "alias": undefined,
                "arguments": Array [],
                "directives": Array [
                  Object {
                    "arguments": Array [],
                    "kind": "Directive",
                    "name": Object {
                      "kind": "Name",
                      "value": "client",
                    },
                  },
                ],
                "kind": "Field",
                "name": Object {
                  "kind": "Name",
                  "value": "authInfo",
                },
                "selectionSet": Object {
                  "kind": "SelectionSet",
                  "selections": Array [
                    Object {
                      "alias": undefined,
                      "arguments": Array [],
                      "directives": Array [],
                      "kind": "Field",
                      "name": Object {
                        "kind": "Name",
                        "value": "isAuthenticated",
                      },
                      "selectionSet": undefined,
                    },
                  ],
                },
              },
            ],
          },
          "variableDefinitions": Array [],
        },
      ],
      "kind": "Document",
      "loc": Object {
        "end": 66,
        "start": 0,
      },
    }
  }
  skip={false}
  warnUnhandledError={true}
>
  <Component />
</Query>
`;
