// Jest Snapshot v1, https://goo.gl/fbAQLP

exports[`MobileDropdownMenu renders correctly 1`] = `
<div
  className="css-8atqhb"
>
  <button
    onClick={[Function]}
  >
      
    â–¼
  </button>
</div>
`;
